*** Using Compiler 'V5.06 update 5 (build 528)', folder: 'E:\stm32\keli5\ARM\ARMCC\Bin'
Build target 'Target 1'
compiling core_cm3.c...
compiling system_stm32f10x.c...
compiling stm32f10x_bkp.c...
compiling agv_control.c...
compiling stm32f10x_iwdg.c...
compiling stm32f10x_dbgmcu.c...
compiling misc.c...
compiling stm32f10x_dac.c...
compiling stm32f10x_wwdg.c...
compiling stm32f10x_can.c...
compiling stm32f10x_exti.c...
compiling stm32f10x_rtc.c...
compiling stm32f10x_cec.c...
compiling stm32f10x_crc.c...
compiling stm32f10x_tim.c...
compiling stm32f10x_dma.c...
compiling stm32f10x_it.c...
compiling stm32f10x_rcc.c...
compiling stm32f10x_usart.c...
compiling stm32f10x_i2c.c...
compiling stm32f10x_pwr.c...
compiling stm32f10x_fsmc.c...
compiling main.c...
compiling stm32f10x_spi.c...
compiling stm32f10x_sdio.c...
compiling stm32f10x_gpio.c...
compiling stm32f10x_flash.c...
compiling stm32f10x_adc.c...
compiling agv_board.c...
linking...
Program Size: Code=9102 RO-data=278 RW-data=60 ZI-data=1788  
FromELF: creating hex file...
".\Objects\1.axf" - 0 Error(s), 0 Warning(s).
Build Time Elapsed:  00:00:03
